ambassador
flown
iguana
introduces
plenty
pontiff
reactivates
remorselessly
revolutionized
underplays
